// Jest Snapshot v1, https://goo.gl/fbAQLP

exports[`renders demo correctly 1`] = `
<div>
  <div>
    <div class="van-password-input">
      <ul class="van-password-input__security van-hairline--surround">
        <li class=""><i style="visibility: visible;"></i></li>
        <li class="van-hairline--left"><i style="visibility: visible;"></i></li>
        <li class="van-hairline--left"><i style="visibility: visible;"></i></li>
        <li class="van-hairline--left"><i style="visibility: hidden;"></i>
          <div class="van-password-input__cursor"></div>
        </li>
        <li class="van-hairline--left"><i style="visibility: hidden;"></i></li>
        <li class="van-hairline--left"><i style="visibility: hidden;"></i></li>
      </ul>
      <div class="van-password-input__info">密码为 6 位数字</div>
    </div>
    <div class="van-number-keyboard" name="van-slide-up">
      <div class="van-number-keyboard__body">
        <div class="van-number-keyboard__keys">
          <div class="van-key__wrapper">
            <div role="button" tabindex="0" class="van-key">1</div>
          </div>
          <div class="van-key__wrapper">
            <div role="button" tabindex="0" class="van-key">2</div>
          </div>
          <div class="van-key__wrapper">
            <div role="button" tabindex="0" class="van-key">3</div>
          </div>
          <div class="van-key__wrapper">
            <div role="button" tabindex="0" class="van-key">4</div>
          </div>
          <div class="van-key__wrapper">
            <div role="button" tabindex="0" class="van-key">5</div>
          </div>
          <div class="van-key__wrapper">
            <div role="button" tabindex="0" class="van-key">6</div>
          </div>
          <div class="van-key__wrapper">
            <div role="button" tabindex="0" class="van-key">7</div>
          </div>
          <div class="van-key__wrapper">
            <div role="button" tabindex="0" class="van-key">8</div>
          </div>
          <div class="van-key__wrapper">
            <div role="button" tabindex="0" class="van-key">9</div>
          </div>
          <div class="van-key__wrapper">
            <div role="button" tabindex="0" class="van-key van-key--gray"></div>
          </div>
          <div class="van-key__wrapper">
            <div role="button" tabindex="0" class="van-key">0</div>
          </div>
          <div class="van-key__wrapper">
            <div role="button" tabindex="0" class="van-key van-key--gray van-key--delete"><svg viewBox="0 0 32 22" xmlns="http://www.w3.org/2000/svg" class="van-key__delete-icon">
                <path d="M28.016 0A3.991 3.991 0 0132 3.987v14.026c0 2.2-1.787 3.987-3.98 3.987H10.382c-.509 0-.996-.206-1.374-.585L.89 13.09C.33 12.62 0 11.84 0 11.006c0-.86.325-1.62.887-2.08L9.01.585A1.936 1.936 0 0110.383 0zm0 1.947H10.368L2.24 10.28c-.224.226-.312.432-.312.73 0 .287.094.51.312.729l8.128 8.333h17.648a2.041 2.041 0 002.037-2.04V3.987c0-1.127-.915-2.04-2.037-2.04zM23.028 6a.96.96 0 01.678.292.95.95 0 01-.003 1.377l-3.342 3.348 3.326 3.333c.189.188.292.43.292.679 0 .248-.103.49-.292.679a.96.96 0 01-.678.292.959.959 0 01-.677-.292L18.99 12.36l-3.343 3.345a.96.96 0 01-.677.292.96.96 0 01-.678-.292.962.962 0 01-.292-.68c0-.248.104-.49.292-.679l3.342-3.348-3.342-3.348A.963.963 0 0114 6.971c0-.248.104-.49.292-.679A.96.96 0 0114.97 6a.96.96 0 01.677.292l3.358 3.348 3.345-3.348A.96.96 0 0123.028 6z" fill="currentColor"></path>
              </svg></div>
          </div>
        </div>
      </div>
    </div>
  </div>
  <div>
    <div class="van-password-input">
      <ul class="van-password-input__security">
        <li class=""><i style="visibility: visible;"></i></li>
        <li class="" style="margin-left: 15px;"><i style="visibility: visible;"></i></li>
        <li class="" style="margin-left: 15px;"><i style="visibility: visible;"></i></li>
        <li class="" style="margin-left: 15px;"><i style="visibility: hidden;"></i></li>
      </ul>
    </div>
  </div>
  <div>
    <div class="van-password-input">
      <ul class="van-password-input__security van-hairline--surround">
        <li class="">1</li>
        <li class="van-hairline--left">2</li>
        <li class="van-hairline--left">3</li>
        <li class="van-hairline--left"></li>
        <li class="van-hairline--left"></li>
        <li class="van-hairline--left"></li>
      </ul>
    </div>
  </div>
  <div>
    <div class="van-password-input">
      <ul class="van-password-input__security van-hairline--surround">
        <li class=""><i style="visibility: visible;"></i></li>
        <li class="van-hairline--left"><i style="visibility: visible;"></i></li>
        <li class="van-hairline--left"><i style="visibility: visible;"></i></li>
        <li class="van-hairline--left"><i style="visibility: hidden;"></i></li>
        <li class="van-hairline--left"><i style="visibility: hidden;"></i></li>
        <li class="van-hairline--left"><i style="visibility: hidden;"></i></li>
      </ul>
    </div>
  </div>
</div>
`;
