// Jest Snapshot v1, https://goo.gl/fbAQLP

exports[`disabled in cascade 1`] = `
<li role="button" tabindex="-1" class="van-picker-column__item van-picker-column__item--disabled">
  <div class="van-ellipsis">A2</div>
</li>
`;
